(ARCTools Version 2.1.2)
 HexLoc     DecLoc    MachWord   Label        Instruction                Comment
                                                                         
                                              .equ 0x3fffc0              
                                                                         
                                              .equ 0x0                   
                                              .equ 0x4                   
                                                                         
                                              .equ 0x8                   
                                              .equ 0xc                   
                                                                         
                                              .equ 48                    
                                                                         
                                              .equ 42                    
                                              .equ 43                    
                                              .equ 45                    
                                              .equ 47                    
                                              .equ 94                    
                                                                         
                                              .org 1000                  
000003e8  0000001000  82084000  main:         and %r1, %r0, %r1          
000003ec  0000001004  033fffc0                sethi 4194240, %r1         
000003f0  0000001008  84088000                and %r2, %r0, %r2          
                                                                         
                                                                         !input1
000003f4  0000001012  ca08600c  iwait:        ldub %r1, [12], %r5        
000003f8  0000001016  8a896080                andcc %r5, 128, %r5        
000003fc  0000001020  02bffffe                be -2                      
                                                                         
00000400  0000001024  ce086008                ldub %r1, [8], %r7         
                                                                         
                                                                         
                                                                         !input 2	
00000404  0000001028  ca08600c  iwait2:       ldub %r1, [12], %r5        
00000408  0000001032  8a896080                andcc %r5, 128, %r5        
0000040c  0000001036  02bffffe                be -2                      
                                                                         
00000410  0000001040  d0086008                ldub %r1, [8], %r8         
                                                                         
                                                                         
                                                                         !input 3
00000414  0000001044  ca08600c  iwait3:       ldub %r1, [12], %r5        
00000418  0000001048  8a896080                andcc %r5, 128, %r5        
0000041c  0000001052  02bffffe                be -2                      
                                                                         
00000420  0000001056  d2086008                ldub %r1, [8], %r9         
                                                                         
                                                                         
                                                                         !out1	
00000424  0000001060  d6086004  owait1:       ldub %r1, [4], %r11        
00000428  0000001064  968ae080                andcc %r11, 128, %r11      
0000042c  0000001068  02bffffe                be -2                      
                                                                         
00000430  0000001072  ce286000                stb %r7, %r1, [0]          
                                                                         
                                                                         !out2
00000434  0000001076  d8086004  owait2:       ldub %r1, [4], %r12        
00000438  0000001080  988b2080                andcc %r12, 128, %r12      
0000043c  0000001084  02bffffe                be -2                      
00000440  0000001088  d0286000                stb %r8, %r1, [0]          
                                                                         
                                                                         !out3
00000444  0000001092  da086004  owait3:       ldub %r1, [4], %r13        
00000448  0000001096  9a8b6080                andcc %r13, 128, %r13      
0000044c  0000001100  02bffffe                be -2                      
00000450  0000001104  d2286000                stb %r9, %r1, [0]          
                                                                         
                                                                         !check ints
                                                                         
                                                                         !check if x<9
00000454  0000001108  8e21e030                sub %r7, 48, %r7           
00000458  0000001112  92226030                sub %r9, 48, %r9           
                                                                         
0000045c  0000001116  80a1e009                subcc %r7, 9, %r0          
00000460  0000001120  14800033                bg 51                      
                                                                         
00000464  0000001124  80a26009                subcc %r9, 9, %r0          
00000468  0000001128  14800031                bg 49                      
                                                                         
0000046c  0000001132  80a1c000                subcc %r7, %r0, %r0        
00000470  0000001136  0680002f                bl 47                      
                                                                         
00000474  0000001140  80a24000                subcc %r9, %r0, %r0        
00000478  0000001144  0680002d                bl 45                      
                                                                         
                                                                         !check op
                                                                         
0000047c  0000001148  80a2202b                subcc %r8, 43, %r0         
00000480  0000001152  0280000a                be 10                      
                                                                         
00000484  0000001156  80a2202d                subcc %r8, 45, %r0         
00000488  0000001160  0280000a                be 10                      
                                                                         
0000048c  0000001164  80a2202a                subcc %r8, 42, %r0         
00000490  0000001168  0280000a                be 10                      
                                                                         
00000494  0000001172  80a2202f                subcc %r8, 47, %r0         
00000498  0000001176  0280000c                be 12                      
                                                                         
0000049c  0000001180  80a2205e                subcc %r8, 94, %r0         
000004a0  0000001184  02800010                be 16                      
000004a4  0000001188  10800022                ba 34                      
                                                                         
                                                                         !ops
000004a8  0000001192  9481c009  addi:         addcc %r7, %r9, %r10       
000004ac  0000001196  1080002b                ba 43                      
000004b0  0000001200  94a1c009  subt:         subcc %r7, %r9, %r10       
000004b4  0000001204  10800029                ba 41                      
                                                                         
000004b8  0000001208  92a26001  mult:         subcc %r9, 1, %r9          
000004bc  0000001212  06800027                bl 39                      
000004c0  0000001216  9401c00a                add %r7, %r10, %r10        
000004c4  0000001220  10bffffd                ba -3                      
                                                                         
                                                                         
000004c8  0000001224  9402a001  div:          add %r10, 1, %r10          
000004cc  0000001228  8ea1c009                subcc %r7, %r9, %r7        
000004d0  0000001232  14bffffe                bg -2                      
000004d4  0000001236  02800021                be 33                      
                                                                         
000004d8  0000001240  94a2a001                subcc %r10, 1, %r10        
000004dc  0000001244  1080001f                ba 31                      
                                                                         
                                                                         
                                                                         
                                                                         
                                                                         
                                                                         
                                                                         
                                                                         
                                                                         
000004e0  0000001248  80a00009  exp:          subcc %r0, %r9, %r0        
000004e4  0000001252  02800010                be 16                      
                                                                         
                                                                         
000004e8  0000001256  ce202d80                st %r7, [3456]             
000004ec  0000001260  d2202d84                st %r9, [3460]             
000004f0  0000001264  92a26001                subcc %r9, 1, %r9          
000004f4  0000001268  0280000a                be 10                      
                                                                         
000004f8  0000001272  dc002d80  exploop:      ld [3456], %r14            
000004fc  0000001276  de000000                ld %r0, %r15               
                                                                         
                                                                         
00000500  0000001280  9e01c00f  mul:          add %r7, %r15, %r15        
                                                                         
00000504  0000001284  9ca3a001                subcc %r14, 1, %r14        
00000508  0000001288  14bffffe                bg -2                      
                                                                         
0000050c  0000001292  9413c000                or %r15, %r0, %r10         
00000510  0000001296  8e128000                or %r10, %r0, %r7          
                                                                         
00000514  0000001300  92a26001                subcc %r9, 1, %r9          
00000518  0000001304  14bffff8                bg -8                      
                                                                         
0000051c  0000001308  9411c000  skip:         or %r7, %r0, %r10          
                                                                         
00000520  0000001312  1080000e                ba 14                      
00000524  0000001316  94102001  expzero:      or %r0, 1, %r10            
00000528  0000001320  1080000c                ba 12                      
                                                                         
                                                                         
0000052c  0000001324            error:                                   
00000530  0000001328  c600ac1c  eloop:        ld [3100], %r2, %r3        
00000534  0000001332  8090c000                orcc %r3, %r0, %r0         
00000538  0000001336  02800007                be 7                       
                                                                         
                                                                         
0000053c  0000001340  c8086004  ewait:        ldub %r1, [4], %r4         
00000540  0000001344  88892080                andcc %r4, 128, %r4        
00000544  0000001348  02bffffe                be -2                      
                                                                         
                                                                         
00000548  0000001352  c6286000                stb %r3, %r1, [0]          
0000054c  0000001356  8400a004                add %r2, 4, %r2            
00000550  0000001360  10bffff8                ba -8                      
                                                                         
00000554  0000001364  ffffffff  done:         halt                       
                                                                         
00000558  0000001368            print:                                   
0000055c  0000001372  c600ad48  ploop:        ld [3400], %r2, %r3        
00000560  0000001376  8090c000                orcc %r3, %r0, %r0         
00000564  0000001380  02bffffc                be -4                      
                                                                         
                                                                         
00000568  0000001384  c8086004  pwait:        ldub %r1, [4], %r4         
0000056c  0000001388  88892080                andcc %r4, 128, %r4        
00000570  0000001392  02bffffe                be -2                      
                                                                         
                                                                         
00000574  0000001396  c6286000                stb %r3, %r1, [0]          
00000578  0000001400  8400a004                add %r2, 4, %r2            
0000057c  0000001404  10bffff8                ba -8                      
                                                                         
                                                                         
                                                                         
                                              .org 3100                  
00000c1c  0000003100  0000000a  estr:                                    
00000c20  0000003104  00000049
00000c24  0000003108  0000006e
00000c28  0000003112  00000076
00000c2c  0000003116  00000061
00000c30  0000003120  0000006c
00000c34  0000003124  00000069
00000c38  0000003128  00000064
00000c3c  0000003132  00000020
00000c40  0000003136  00000069
00000c44  0000003140  0000006e
00000c48  0000003144  00000070
00000c4c  0000003148  00000075
00000c50  0000003152  00000074
00000c54  0000003156  00000021
                                                                         
                                              .org 3400                  
00000d48  0000003400  0000000a  str:                                     
00000d4c  0000003404  00000041
00000d50  0000003408  0000006e
00000d54  0000003412  00000073
00000d58  0000003416  00000077
00000d5c  0000003420  00000065
00000d60  0000003424  00000072
00000d64  0000003428  00000020
00000d68  0000003432  00000069
00000d6c  0000003436  0000006e
00000d70  0000003440  00000020
00000d74  0000003444  00000072
00000d78  0000003448  00000031
00000d7c  0000003452  00000030
                                                                         
00000d80  0000003456  00000000  base:                                    
00000d84  0000003460  00000000  expo:                                    
                                                                         

--- Symbol Table ---
owait1: 1060
mul: 1280
estr: 3100
main: 1000
done: 1364
ZERO: 48
skip: 1308
DIV: 47
iwait: 1012
base: 3456
ploop: 1372
eloop: 1328
EXP: 94
subt: 1200
pwait: 1384
ewait: 1340
addi: 1192
error: 1324
MUL: 42
expzero: 1316
ADD: 43
CIN: 8
exploop: 1272
str: 3400
CICTL: 12
COUT: 0
mult: 1208
BASE: 4194240
expo: 3460
print: 1368
iwait3: 1044
iwait2: 1028
div: 1224
CSTAT: 4
SUB: 45
exp: 1248
owait3: 1092
owait2: 1076
